Microchip MPLAB XC8 Compiler V1.45 ()

Linker command line:

-W-3 --edf=C:\Program Files (x86)\Microchip\xc8\v1.45\dat\en_msgs.txt -cs \
  -h+dist/default/production\77a.X.production.sym \
  --cmf=dist/default/production\77a.X.production.cmf -z -Q16F877A \
  -oC:\Users\ENG~1.HAM\AppData\Local\Temp\s5ao.2 \
  -Mdist/default/production/77a.X.production.map -E1 -ver=XC8 \
  -ASTACK=0110h-016fh -pstack=STACK -ACODE=00h-07FFhx4 -ASTRCODE=00h-01FFFh \
  -ASTRING=00h-0FFhx32 -ACONST=00h-0FFhx32 -AENTRY=00h-0FFhx32 \
  -ACOMMON=070h-07Fh -ABANK0=020h-06Fh -ABANK1=0A0h-0EFh \
  -ABANK2=0110h-016Fh -ABANK3=0190h-01EFh \
  -ARAM=020h-06Fh,0A0h-0EFh,0110h-016Fh,0190h-01EFh \
  -AABS1=020h-07Fh,0A0h-0EFh,0110h-016Fh,0190h-01EFh -ASFR0=00h-01Fh \
  -ASFR1=080h-09Fh -ASFR2=0100h-010Fh -ASFR3=0180h-018Fh \
  -preset_vec=00h,intentry=04h,init,end_init -ppowerup=CODE -pcinit=CODE \
  -pfunctab=ENTRY -ACONFIG=02007h-02007h -pconfig=CONFIG -DCONFIG=2 \
  -AIDLOC=02000h-02003h -pidloc=IDLOC -DIDLOC=2 -AEEDATA=00h-0FFh/02100h \
  -peeprom_data=EEDATA -DEEDATA=2 -DCODE=2 -DSTRCODE=2 -DSTRING=2 -DCONST=2 \
  -DENTRY=2 -k C:\Users\ENG~1.HAM\AppData\Local\Temp\s5ao.obj \
  dist/default/production\77a.X.production.obj 

Object code version is 3.11

Machine type is 16F877A



                Name                               Link     Load   Length Selector   Space Scale
C:\Users\ENG~1.HAM\AppData\Local\Temp\s5ao.obj
                end_init                             12       12        3        8       0
                reset_vec                             0        0        3        0       0
                config                             2007     2007        1     400E       0
dist/default/production\77a.X.production.obj
                cinit                                15       15       14        8       0
                functab                              29       29       1E       52       0
                intentry                              4        4        E        8       0
                text12                              54C      54C        F       8E       0
                text11                              53D      53D        F       8E       0
                text10                              56C      56C        6       8E       0
                text9                               42D      42D       7A       8E       0
                text8                               4D8      4D8       13       8E       0
                text7                                47       47      1FD       8E       0
                text6                               51E      51E       10       8E       0
                text5                               50D      50D       11       8E       0
                text4                               566      566        6       8E       0
                text3                               4FC      4FC       11       8E       0
                text2                               244      244      1E9       8E       0
                text1                               55B      55B        B       8E       0
                maintext                            4A7      4A7       31       8E       0
                cstackBANK0                          20       20       48       20       1
                cstackCOMMON                         70       70        7       70       1
                inittext                            4EB      4EB       11       8E       0
                dataBANK1                            A0       A0        F       A0       1
                bssCOMMON                            77       77        4       70       1
                nvBANK0                              68       68        2       20       1
                idataBANK1                          52E      52E        F       8E       0

TOTAL           Name                               Link     Load   Length     Space
        CLASS   STACK          

        CLASS   CODE           
                end_init                             12       12        3         0
                cinit                                15       15       14         0
                intentry                              4        4        E         0
                reset_vec                             0        0        3         0
                text12                              54C      54C        F         0
                text11                              53D      53D        F         0
                text10                              56C      56C        6         0
                text9                               42D      42D       7A         0
                text8                               4D8      4D8       13         0
                text7                                47       47      1FD         0
                text6                               51E      51E       10         0
                text5                               50D      50D       11         0
                text4                               566      566        6         0
                text3                               4FC      4FC       11         0
                text2                               244      244      1E9         0
                text1                               55B      55B        B         0
                maintext                            4A7      4A7       31         0
                inittext                            4EB      4EB       11         0
                idataBANK1                          52E      52E        F         0

        CLASS   STRCODE        

        CLASS   STRING         

        CLASS   CONST          

        CLASS   ENTRY          
                functab                              29       29       1E         0

        CLASS   COMMON         
                cstackCOMMON                         70       70        7         1
                bssCOMMON                            77       77        4         1

        CLASS   BANK0          
                cstackBANK0                          20       20       48         1
                nvBANK0                              68       68        2         1

        CLASS   BANK1          
                dataBANK1                            A0       A0        F         1

        CLASS   BANK2          

        CLASS   BANK3          

        CLASS   RAM            

        CLASS   ABS1           
                abs_s1                               7E       7E        2         1

        CLASS   SFR0           

        CLASS   SFR1           

        CLASS   SFR2           

        CLASS   SFR3           

        CLASS   CONFIG         
                config                             2007     2007        1         0

        CLASS   IDLOC          

        CLASS   EEDATA         



SEGMENTS        Name                           Load    Length   Top    Selector   Space  Class     Delta

                reset_vec                      000000  000003  000003         0       0  CODE        2
                intentry                       000004  000025  000029         8       0  CODE        2
                cstackBANK0                    000020  00004A  00006A        20       1  BANK0       1
                functab                        000029  00001E  000047        52       0  ENTRY       2
                cstackCOMMON                   000070  00000B  00007B        70       1  COMMON      1
                text7                          000047  00052B  000572        8E       0  CODE        2
                dataBANK1                      0000A0  00000F  0000AF        A0       1  BANK1       1
                config                         002007  000001  002008      400E       0  CONFIG      2


UNUSED ADDRESS RANGES

        Name                Unused          Largest block    Delta
        BANK0            006A-006F              6           1
        BANK1            00AF-00EF             41           1
        BANK2            0110-016F             60           1
        BANK3            0190-01EF             60           1
        CODE             0003-0003              1           2
                         0572-1FFF            800
        COMMON           007B-007D              3           1
        CONST            0003-0003              1           2
                         0572-1FFF            100
        EEDATA           2100-21FF            100           2
        ENTRY            0003-0003              1           2
                         0572-1FFF            100
        IDLOC            2000-2003              4           2
        RAM              006A-006F              6           1
                         00AF-00EF             41
                         0110-016F             60
                         0190-01EF             60
        SFR0             0000-001F             20           1
        SFR1             0080-009F             20           1
        SFR2             0100-010F             10           1
        SFR3             0180-018F             10           1
        STACK            0110-016F             60           1
        STRCODE          0003-0003              1           2
                         0572-1FFF           1A8E
        STRING           0003-0003              1           2
                         0572-1FFF            100

                                  Symbol Table

LCM@i                      cstackBANK0  0032
LCM@index                  cstackBANK0  002C
LCM@j                      cstackBANK0  002B
LCM@max_per                cstackBANK0  002A
LCM@num_process            cstackBANK0  0024
LCM@p                      cstackBANK0  0033
LCM@temp                   cstackBANK0  002D
RMS_Scheduler@excute_state cstackBANK0  003E
RMS_Scheduler@i            cstackBANK0  0043
RMS_Scheduler@num_process  cstackBANK0  0035
RMS_Scheduler@p            cstackBANK0  003D
RMS_Scheduler@ps           cstackBANK0  0034
_GIE                       (abs)        005F
_INTCONbits                (abs)        000B
_ISR                       text9        042D
_LCM                       text7        0047
_PIE1bits                  (abs)        008C
_PIR1bits                  (abs)        000C
_PORTBbits                 (abs)        0006
_RMS_Scheduler             text2        0244
_T1CONbits                 (abs)        0010
_TMR1H                     (abs)        000F
_TMR1L                     (abs)        000E
_TRISBbits                 (abs)        0086
__CFG_BOREN$ON             (abs)        0000
__CFG_CP$OFF               (abs)        0000
__CFG_CPD$OFF              (abs)        0000
__CFG_FOSC$EXTRC           (abs)        0000
__CFG_LVP$ON               (abs)        0000
__CFG_PWRTE$OFF            (abs)        0000
__CFG_WDTE$OFF             (abs)        0000
__CFG_WRT$OFF              (abs)        0000
__Habs1                    abs1         0000
__Hbank0                   bank0        0000
__Hbank1                   bank1        0000
__Hbank2                   bank2        0000
__Hbank3                   bank3        0000
__HbssCOMMON               bssCOMMON    0000
__Hcinit                   cinit        0029
__Hclrtext                 clrtext      0000
__Hcode                    code         0000
__Hcommon                  common       0000
__Hconfig                  config       2008
__HcstackBANK0             cstackBANK0  0000
__HcstackCOMMON            cstackCOMMON 0000
__HdataBANK1               dataBANK1    0000
__Heeprom_data             eeprom_data  0000
__Hend_init                end_init     0015
__Hfunctab                 functab      0047
__HidataBANK1              idataBANK1   0000
__Hidloc                   idloc        0000
__Hinit                    init         0012
__Hinittext                inittext     0000
__Hintentry                intentry     0012
__Hmaintext                maintext     0000
__HnvBANK0                 nvBANK0      0000
__Hpowerup                 powerup      0000
__Hram                     ram          0000
__Hreset_vec               reset_vec    0003
__Hsfr0                    sfr0         0000
__Hsfr1                    sfr1         0000
__Hsfr2                    sfr2         0000
__Hsfr3                    sfr3         0000
__Hspace_0                 (abs)        2008
__Hspace_1                 (abs)        00AF
__Hspace_2                 (abs)        0000
__Hspace_3                 (abs)        0000
__Hstack                   stack        0000
__Hstrings                 strings      0000
__Htext                    text         0000
__Labs1                    abs1         0000
__Lbank0                   bank0        0000
__Lbank1                   bank1        0000
__Lbank2                   bank2        0000
__Lbank3                   bank3        0000
__LbssCOMMON               bssCOMMON    0000
__Lcinit                   cinit        0015
__Lclrtext                 clrtext      0000
__Lcode                    code         0000
__Lcommon                  common       0000
__Lconfig                  config       2007
__LcstackBANK0             cstackBANK0  0000
__LcstackCOMMON            cstackCOMMON 0000
__LdataBANK1               dataBANK1    0000
__Leeprom_data             eeprom_data  0000
__Lend_init                end_init     0012
__Lfunctab                 functab      0029
__LidataBANK1              idataBANK1   0000
__Lidloc                   idloc        0000
__Linit                    init         0012
__Linittext                inittext     0000
__Lintentry                intentry     0004
__Lmaintext                maintext     0000
__LnvBANK0                 nvBANK0      0000
__Lpowerup                 powerup      0000
__Lram                     ram          0000
__Lreset_vec               reset_vec    0000
__Lsfr0                    sfr0         0000
__Lsfr1                    sfr1         0000
__Lsfr2                    sfr2         0000
__Lsfr3                    sfr3         0000
__Lspace_0                 (abs)        0000
__Lspace_1                 (abs)        0000
__Lspace_2                 (abs)        0000
__Lspace_3                 (abs)        0000
__Lstack                   stack        0000
__Lstrings                 strings      0000
__Ltext                    text         0000
__S0                       (abs)        2008
__S1                       (abs)        00AF
__S2                       (abs)        0000
__S3                       (abs)        0000
___bmul                    text8        04D8
___bmul@multiplicand       cstackBANK0  0020
___bmul@multiplier         cstackBANK0  0023
___bmul@product            cstackBANK0  0022
___int_sp                  stack        0000
___latbits                 (abs)        0002
___sp                      stack        0000
__end_of_ISR               text9        04A7
__end_of_LCM               text7        0244
__end_of_RMS_Scheduler     text2        042D
__end_of___bmul            text8        04EB
__end_of__fptable          functab      0038
__end_of__i1fptable        functab      0047
__end_of__initialization   cinit        0025
__end_of_init_led          text1        0566
__end_of_main              maintext     04D8
__end_of_process1          text5        051E
__end_of_process2          text4        056C
__end_of_process3          text6        052E
__end_of_timer1_init       text3        050D
__end_ofi1_process1        text11       054C
__end_ofi1_process2        text10       0572
__end_ofi1_process3        text12       055B
__fptable                  functab      0029
__i1fptable                functab      0038
__initialization           cinit        0015
__pbssCOMMON               bssCOMMON    0077
__pcstackBANK0             cstackBANK0  0020
__pcstackCOMMON            cstackCOMMON 0070
__pdataBANK1               dataBANK1    00A0
__pfunctab                 functab      0029
__pidataBANK1              idataBANK1   052E
__pintentry                intentry     0004
__pmaintext                maintext     04A7
__pnvBANK0                 nvBANK0      0068
__ptext1                   text1        055B
__ptext10                  text10       056C
__ptext11                  text11       053D
__ptext12                  text12       054C
__ptext2                   text2        0244
__ptext3                   text3        04FC
__ptext4                   text4        0566
__ptext5                   text5        050D
__ptext6                   text6        051E
__ptext7                   text7        0047
__ptext8                   text8        04D8
__ptext9                   text9        042D
__size_of_ISR              (abs)        0000
__size_of_LCM              (abs)        0000
__size_of_RMS_Scheduler    (abs)        0000
__size_of___bmul           (abs)        0000
__size_of__fptable         (abs)        0000
__size_of__i1fptable       (abs)        0000
__size_of_init_led         (abs)        0000
__size_of_main             (abs)        0000
__size_of_process1         (abs)        0000
__size_of_process2         (abs)        0000
__size_of_process3         (abs)        0000
__size_of_timer1_init      (abs)        0000
__size_ofi1_process1       (abs)        0000
__size_ofi1_process2       (abs)        0000
__size_ofi1_process3       (abs)        0000
_init_led                  text1        055B
_main                      maintext     04A7
_p1                        bssCOMMON    0079
_p2                        bssCOMMON    0078
_pISR                      nvBANK0      0069
_pSTACK                    nvBANK0      0068
_process1                  text5        050D
_process2                  text4        0566
_process3                  text6        051E
_timer1_init               text3        04FC
btemp                      (abs)        007E
end_of_initialization      cinit        0025
fpbase                     functab      002E
fptable                    functab      0029
fptotal                    (abs)        0006
i1_process1                text11       053D
i1_process2                text10       056C
i1_process3                text12       054C
i1fpbase                   functab      003D
i1fptable                  functab      0038
i1fptotal                  (abs)        0006
init_fetch0                inittext     04EB
init_ram0                  inittext     04EF
interrupt_function         intentry     0004
intlevel0                  functab      0029
intlevel1                  functab      0029
intlevel2                  functab      0029
intlevel3                  functab      0029
intlevel4                  functab      0029
intlevel5                  functab      0029
main@F1307                 dataBANK1    00A0
main@S                     cstackBANK0  0057
main@p                     cstackBANK0  0048
reset_vec                  reset_vec    0000
saved_w                    (abs)        007E
stackhi                    (abs)        0000
stacklo                    (abs)        0000
start                      init         0012
start_initialization       cinit        0015
wtemp0                     (abs)        007E


FUNCTION INFORMATION:

 *************** function _main *****************
 Defined at:
		line 67 in file "main.c"
 Parameters:    Size  Location     Type
		None
 Auto vars:     Size  Location     Type
  S              17   55[BANK0 ] struct stack
  p              15   40[BANK0 ] struct process[3]
 Return value:  Size  Location     Type
                  2   26[None  ] int 
 Registers used:
		wreg, fsr0l, fsr0h, status,2, status,0, btemp+1, pclath, cstack
 Tracked objects:
		On entry : 
		On exit  : 
		Unchanged: 
 Data sizes:     COMMON   BANK0   BANK1   BANK3   BANK2
      Params:         0       0       0       0       0
      Locals:         0      32       0       0       0
      Temps:          0       4       0       0       0
      Totals:         0      36       0       0       0
Total ram usage:       36 bytes
 Hardware stack levels required when called:    5
 This function calls:
		_RMS_Scheduler
		_init_led
 This function is called by:
		Startup code after reset
 This function uses a non-reentrant model


 *************** function _init_led *****************
 Defined at:
		line 54 in file "main.c"
 Parameters:    Size  Location     Type
		None
 Auto vars:     Size  Location     Type
		None
 Return value:  Size  Location     Type
                  1    wreg      void 
 Registers used:
		None
 Tracked objects:
		On entry : 
		On exit  : 
		Unchanged: 
 Data sizes:     COMMON   BANK0   BANK1   BANK3   BANK2
      Params:         0       0       0       0       0
      Locals:         0       0       0       0       0
      Temps:          0       0       0       0       0
      Totals:         0       0       0       0       0
Total ram usage:        0 bytes
 Hardware stack levels used:    1
 Hardware stack levels required when called:    2
 This function calls:
		Nothing
 This function is called by:
		_main
 This function uses a non-reentrant model


 *************** function _RMS_Scheduler *****************
 Defined at:
		line 132 in file "rms.c"
 Parameters:    Size  Location     Type
  p               1    wreg     PTR struct process
		 -> main@p(15), 
  ps              1   20[BANK0 ] PTR struct stack
		 -> main@S(17), 
  num_process     1   21[BANK0 ] unsigned char 
 Auto vars:     Size  Location     Type
  p               1   29[BANK0 ] PTR struct process
		 -> main@p(15), 
  excute_state    5   30[BANK0 ] struct process[1]
  i               1   35[BANK0 ] unsigned char 
 Return value:  Size  Location     Type
                  1    wreg      unsigned char 
 Registers used:
		wreg, fsr0l, fsr0h, status,2, status,0, btemp+1, pclath, cstack
 Tracked objects:
		On entry : 
		On exit  : 
		Unchanged: 
 Data sizes:     COMMON   BANK0   BANK1   BANK3   BANK2
      Params:         0       2       0       0       0
      Locals:         0       7       0       0       0
      Temps:          0       7       0       0       0
      Totals:         0      16       0       0       0
Total ram usage:       16 bytes
 Hardware stack levels used:    1
 Hardware stack levels required when called:    4
 This function calls:
		_LCM
		___bmul
		_process1
		_process2
		_process3
		_timer1_init
 This function is called by:
		_main
 This function uses a non-reentrant model


 *************** function _timer1_init *****************
 Defined at:
		line 85 in file "rms.c"
 Parameters:    Size  Location     Type
		None
 Auto vars:     Size  Location     Type
		None
 Return value:  Size  Location     Type
                  1    wreg      void 
 Registers used:
		wreg
 Tracked objects:
		On entry : 
		On exit  : 
		Unchanged: 
 Data sizes:     COMMON   BANK0   BANK1   BANK3   BANK2
      Params:         0       0       0       0       0
      Locals:         0       0       0       0       0
      Temps:          0       0       0       0       0
      Totals:         0       0       0       0       0
Total ram usage:        0 bytes
 Hardware stack levels used:    1
 Hardware stack levels required when called:    2
 This function calls:
		Nothing
 This function is called by:
		_RMS_Scheduler
 This function uses a non-reentrant model


 *************** function _process2 *****************
 Defined at:
		line 33 in file "main.c"
 Parameters:    Size  Location     Type
		None
 Auto vars:     Size  Location     Type
		None
 Return value:  Size  Location     Type
                  1    wreg      void 
 Registers used:
		None
 Tracked objects:
		On entry : 
		On exit  : 
		Unchanged: 
 Data sizes:     COMMON   BANK0   BANK1   BANK3   BANK2
      Params:         0       0       0       0       0
      Locals:         0       0       0       0       0
      Temps:          0       0       0       0       0
      Totals:         0       0       0       0       0
Total ram usage:        0 bytes
 Hardware stack levels used:    1
 Hardware stack levels required when called:    2
 This function calls:
		Nothing
 This function is called by:
		_RMS_Scheduler
		_ISR
 This function uses a non-reentrant model


 *************** function _process1 *****************
 Defined at:
		line 23 in file "main.c"
 Parameters:    Size  Location     Type
		None
 Auto vars:     Size  Location     Type
		None
 Return value:  Size  Location     Type
                  1    wreg      void 
 Registers used:
		wreg
 Tracked objects:
		On entry : 
		On exit  : 
		Unchanged: 
 Data sizes:     COMMON   BANK0   BANK1   BANK3   BANK2
      Params:         0       0       0       0       0
      Locals:         0       0       0       0       0
      Temps:          0       2       0       0       0
      Totals:         0       2       0       0       0
Total ram usage:        2 bytes
 Hardware stack levels used:    1
 Hardware stack levels required when called:    2
 This function calls:
		Nothing
 This function is called by:
		_RMS_Scheduler
		_ISR
 This function uses a non-reentrant model


 *************** function _process3 *****************
 Defined at:
		line 43 in file "main.c"
 Parameters:    Size  Location     Type
		None
 Auto vars:     Size  Location     Type
		None
 Return value:  Size  Location     Type
                  1    wreg      void 
 Registers used:
		wreg
 Tracked objects:
		On entry : 
		On exit  : 
		Unchanged: 
 Data sizes:     COMMON   BANK0   BANK1   BANK3   BANK2
      Params:         0       0       0       0       0
      Locals:         0       0       0       0       0
      Temps:          0       2       0       0       0
      Totals:         0       2       0       0       0
Total ram usage:        2 bytes
 Hardware stack levels used:    1
 Hardware stack levels required when called:    2
 This function calls:
		Nothing
 This function is called by:
		_RMS_Scheduler
		_ISR
 This function uses a non-reentrant model


 *************** function _LCM *****************
 Defined at:
		line 97 in file "rms.c"
 Parameters:    Size  Location     Type
  p               1    wreg     PTR struct process
		 -> main@p(15), 
  num_process     1    4[BANK0 ] unsigned char 
 Auto vars:     Size  Location     Type
  p               1   19[BANK0 ] PTR struct process
		 -> main@p(15), 
  temp            5   13[BANK0 ] struct process
  i               1   18[BANK0 ] unsigned char 
  index           1   12[BANK0 ] unsigned char 
  j               1   11[BANK0 ] unsigned char 
  max_per         1   10[BANK0 ] PTR struct process
		 -> main@p(15), 
 Return value:  Size  Location     Type
                  1    wreg      unsigned char 
 Registers used:
		wreg, fsr0l, fsr0h, status,2, status,0, pclath, cstack
 Tracked objects:
		On entry : 
		On exit  : 
		Unchanged: 
 Data sizes:     COMMON   BANK0   BANK1   BANK3   BANK2
      Params:         0       1       0       0       0
      Locals:         0      10       0       0       0
      Temps:          0       5       0       0       0
      Totals:         0      16       0       0       0
Total ram usage:       16 bytes
 Hardware stack levels used:    1
 Hardware stack levels required when called:    3
 This function calls:
		___bmul
 This function is called by:
		_RMS_Scheduler
 This function uses a non-reentrant model


 *************** function ___bmul *****************
 Defined at:
		line 4 in file "C:\Program Files (x86)\Microchip\xc8\v1.45\sources\common\Umul8.c"
 Parameters:    Size  Location     Type
  multiplier      1    wreg     unsigned char 
  multiplicand    1    0[BANK0 ] unsigned char 
 Auto vars:     Size  Location     Type
  multiplier      1    3[BANK0 ] unsigned char 
  product         1    2[BANK0 ] unsigned char 
 Return value:  Size  Location     Type
                  1    wreg      unsigned char 
 Registers used:
		wreg, status,2, status,0
 Tracked objects:
		On entry : 
		On exit  : 
		Unchanged: 
 Data sizes:     COMMON   BANK0   BANK1   BANK3   BANK2
      Params:         0       1       0       0       0
      Locals:         0       2       0       0       0
      Temps:          0       1       0       0       0
      Totals:         0       4       0       0       0
Total ram usage:        4 bytes
 Hardware stack levels used:    1
 Hardware stack levels required when called:    2
 This function calls:
		Nothing
 This function is called by:
		_LCM
		_RMS_Scheduler
 This function uses a non-reentrant model


 *************** function _ISR *****************
 Defined at:
		line 25 in file "rms.c"
 Parameters:    Size  Location     Type
		None
 Auto vars:     Size  Location     Type
		None
 Return value:  Size  Location     Type
                  1    wreg      void 
 Registers used:
		wreg, fsr0l, fsr0h, status,2, status,0, pclath, cstack
 Tracked objects:
		On entry : 
		On exit  : 
		Unchanged: 
 Data sizes:     COMMON   BANK0   BANK1   BANK3   BANK2
      Params:         0       0       0       0       0
      Locals:         0       0       0       0       0
      Temps:          5       0       0       0       0
      Totals:         5       0       0       0       0
Total ram usage:        5 bytes
 Hardware stack levels used:    1
 Hardware stack levels required when called:    1
 This function calls:
		i1_process1
		i1_process2
		i1_process3
 This function is called by:
		Interrupt level 1
 This function uses a non-reentrant model


 *************** function i1_process2 *****************
 Defined at:
		line 33 in file "main.c"
 Parameters:    Size  Location     Type
		None
 Auto vars:     Size  Location     Type
		None
 Return value:  Size  Location     Type
                  1    wreg      void 
 Registers used:
		None
 Tracked objects:
		On entry : 
		On exit  : 
		Unchanged: 
 Data sizes:     COMMON   BANK0   BANK1   BANK3   BANK2
      Params:         0       0       0       0       0
      Locals:         0       0       0       0       0
      Temps:          0       0       0       0       0
      Totals:         0       0       0       0       0
Total ram usage:        0 bytes
 Hardware stack levels used:    1
 This function calls:
		Nothing
 This function is called by:
 This function uses a non-reentrant model


 *************** function i1_process1 *****************
 Defined at:
		line 23 in file "main.c"
 Parameters:    Size  Location     Type
		None
 Auto vars:     Size  Location     Type
		None
 Return value:  Size  Location     Type
                  1    wreg      void 
 Registers used:
		wreg
 Tracked objects:
		On entry : 
		On exit  : 
		Unchanged: 
 Data sizes:     COMMON   BANK0   BANK1   BANK3   BANK2
      Params:         0       0       0       0       0
      Locals:         0       0       0       0       0
      Temps:          2       0       0       0       0
      Totals:         2       0       0       0       0
Total ram usage:        2 bytes
 Hardware stack levels used:    1
 This function calls:
		Nothing
 This function is called by:
 This function uses a non-reentrant model


 *************** function i1_process3 *****************
 Defined at:
		line 43 in file "main.c"
 Parameters:    Size  Location     Type
		None
 Auto vars:     Size  Location     Type
		None
 Return value:  Size  Location     Type
                  1    wreg      void 
 Registers used:
		wreg
 Tracked objects:
		On entry : 
		On exit  : 
		Unchanged: 
 Data sizes:     COMMON   BANK0   BANK1   BANK3   BANK2
      Params:         0       0       0       0       0
      Locals:         0       0       0       0       0
      Temps:          2       0       0       0       0
      Totals:         2       0       0       0       0
Total ram usage:        2 bytes
 Hardware stack levels used:    1
 This function calls:
		Nothing
 This function is called by:
 This function uses a non-reentrant model



MODULE INFORMATION

Module		Function		Class		Link	Load	Size
rms.c
		_ISR           		CODE           	042D	0000	123
		_RMS_Scheduler 		CODE           	0244	0000	490
		_LCM           		CODE           	0047	0000	510
		_timer1_init   		CODE           	04FC	0000	18

rms.c estimated size: 1141

shared
		__i1fptable    		ENTRY          	0038	0000	16
		__initialization		CODE           	0015	0000	17
		__fptable      		ENTRY          	0029	0000	16
		i1_process1    		CODE           	053D	0000	16
		i1_process2    		CODE           	056C	0000	7
		i1_process3    		CODE           	054C	0000	16

shared estimated size: 88

C:\Program Files (x86)\Microchip\xc8\v1.45\sources\common\Umul8.c
		___bmul        		CODE           	04D8	0000	20

C:\Program Files (x86)\Microchip\xc8\v1.45\sources\common\Umul8.c estimated size: 20

main.c
		_init_led      		CODE           	055B	0000	12
		_process1      		CODE           	050D	0000	18
		_process2      		CODE           	0566	0000	7
		_process3      		CODE           	051E	0000	17
		_main          		CODE           	04A7	0000	50

main.c estimated size: 104

